c:\dev\icepick-engine\vendor\imgui\x64\debug\vc145.pdb
c:\dev\icepick-engine\vendor\imgui\x64\debug\vc145.idb
c:\dev\icepick-engine\vendor\imgui\x64\debug\imsequencer.obj
c:\dev\icepick-engine\vendor\imgui\x64\debug\imgui_impl_opengl2.obj
c:\dev\icepick-engine\x64\debug\imgui.pdb
c:\dev\icepick-engine\x64\debug\imgui.idb
c:\dev\icepick-engine\vendor\imgui\x64\debug\imgui_widgets.obj
c:\dev\icepick-engine\vendor\imgui\x64\debug\imgui_tables.obj
c:\dev\icepick-engine\vendor\imgui\x64\debug\imgui_impl_opengl3.obj
c:\dev\icepick-engine\vendor\imgui\x64\debug\imgui_impl_glfw.obj
c:\dev\icepick-engine\vendor\imgui\x64\debug\imgui_draw.obj
c:\dev\icepick-engine\vendor\imgui\x64\debug\imgui_demo.obj
c:\dev\icepick-engine\vendor\imgui\x64\debug\imguizmo.obj
c:\dev\icepick-engine\vendor\imgui\x64\debug\imgui.obj
c:\dev\icepick-engine\vendor\imgui\x64\debug\imgradient.obj
c:\dev\icepick-engine\vendor\imgui\x64\debug\imcurveedit.obj
c:\dev\icepick-engine\vendor\imgui\x64\debug\grapheditor.obj
c:\dev\icepick-engine\x64\debug\imgui.lib
c:\dev\icepick-engine\vendor\imgui\x64\debug\imgui.tlog\cl.command.1.tlog
c:\dev\icepick-engine\vendor\imgui\x64\debug\imgui.tlog\cl.items.tlog
c:\dev\icepick-engine\vendor\imgui\x64\debug\imgui.tlog\cl.read.1.tlog
c:\dev\icepick-engine\vendor\imgui\x64\debug\imgui.tlog\cl.write.1.tlog
c:\dev\icepick-engine\vendor\imgui\x64\debug\imgui.tlog\lib-link.read.1.tlog
c:\dev\icepick-engine\vendor\imgui\x64\debug\imgui.tlog\lib-link.write.1.tlog
c:\dev\icepick-engine\vendor\imgui\x64\debug\imgui.tlog\lib.command.1.tlog
c:\dev\icepick-engine\vendor\imgui\x64\debug\imgui.tlog\link-cvtres.read.1.tlog
c:\dev\icepick-engine\vendor\imgui\x64\debug\imgui.tlog\link-cvtres.write.1.tlog
c:\dev\icepick-engine\vendor\imgui\x64\debug\imgui.tlog\link-rc.read.1.tlog
c:\dev\icepick-engine\vendor\imgui\x64\debug\imgui.tlog\link-rc.write.1.tlog
c:\dev\icepick-engine\vendor\imgui\x64\debug\imgui.tlog\link.command.1.tlog
c:\dev\icepick-engine\vendor\imgui\x64\debug\imgui.tlog\link.read.1.tlog
c:\dev\icepick-engine\vendor\imgui\x64\debug\imgui.tlog\link.read.2.tlog
c:\dev\icepick-engine\vendor\imgui\x64\debug\imgui.tlog\link.read.3.tlog
c:\dev\icepick-engine\vendor\imgui\x64\debug\imgui.tlog\link.read.4.tlog
c:\dev\icepick-engine\vendor\imgui\x64\debug\imgui.tlog\link.write.1.tlog
