c:\dev\icepick-engine\x64\debug\jolt physics.pdb
c:\dev\icepick-engine\x64\debug\jolt physics.idb
c:\dev\icepick-engine\vendor\jolt physics\x64\debug\jobsystemthreadpool.obj
c:\dev\icepick-engine\vendor\jolt physics\x64\debug\jobsystemsinglethreaded.obj
c:\dev\icepick-engine\vendor\jolt physics\x64\debug\issuereporting.obj
c:\dev\icepick-engine\vendor\jolt physics\x64\debug\factory.obj
c:\dev\icepick-engine\vendor\jolt physics\x64\debug\color.obj
c:\dev\icepick-engine\vendor\jolt physics\x64\debug\computesystemvkwithallocator.obj
c:\dev\icepick-engine\vendor\jolt physics\x64\debug\computesystemvkimpl.obj
c:\dev\icepick-engine\vendor\jolt physics\x64\debug\computesystemvk.obj
c:\dev\icepick-engine\vendor\jolt physics\x64\debug\computeshadervk.obj
c:\dev\icepick-engine\vendor\jolt physics\x64\debug\computequeuevk.obj
c:\dev\icepick-engine\vendor\jolt physics\x64\debug\computebuffervk.obj
c:\dev\icepick-engine\vendor\jolt physics\x64\debug\computesystemdx12impl.obj
c:\dev\icepick-engine\vendor\jolt physics\x64\debug\computesystemdx12.obj
c:\dev\icepick-engine\vendor\jolt physics\x64\debug\computequeuedx12.obj
c:\dev\icepick-engine\vendor\jolt physics\x64\debug\computebufferdx12.obj
c:\dev\icepick-engine\vendor\jolt physics\x64\debug\computesystemcpu.obj
c:\dev\icepick-engine\vendor\jolt physics\x64\debug\computequeuecpu.obj
c:\dev\icepick-engine\vendor\jolt physics\x64\debug\computebuffercpu.obj
c:\dev\icepick-engine\vendor\jolt physics\x64\debug\computesystem.obj
c:\dev\icepick-engine\vendor\jolt physics\x64\debug\aabbtreebuilder.obj
c:\dev\icepick-engine\vendor\jolt physics\x64\debug\objectstreamtextout.obj
c:\dev\icepick-engine\vendor\jolt physics\x64\debug\objectstreamtextin.obj
c:\dev\icepick-engine\vendor\jolt physics\x64\debug\objectstreamout.obj
c:\dev\icepick-engine\vendor\jolt physics\x64\debug\objectstreamin.obj
c:\dev\icepick-engine\vendor\jolt physics\x64\debug\objectstreambinaryout.obj
c:\dev\icepick-engine\vendor\jolt physics\x64\debug\objectstreambinaryin.obj
c:\dev\icepick-engine\vendor\jolt physics\x64\debug\objectstream.obj
c:\dev\icepick-engine\vendor\jolt physics\x64\debug\vec3.obj
c:\dev\icepick-engine\vendor\jolt physics\x64\debug\orientedbox.obj
c:\dev\icepick-engine\vendor\jolt physics\x64\debug\indexify.obj
c:\dev\icepick-engine\vendor\jolt physics\x64\debug\convexhullbuilder2d.obj
c:\dev\icepick-engine\vendor\jolt physics\x64\debug\convexhullbuilder.obj
c:\dev\icepick-engine\vendor\jolt physics\x64\debug\tickcounter.obj
c:\dev\icepick-engine\vendor\jolt physics\x64\debug\stringtools.obj
c:\dev\icepick-engine\vendor\jolt physics\x64\debug\semaphore.obj
c:\dev\icepick-engine\vendor\jolt physics\x64\debug\rtti.obj
c:\dev\icepick-engine\vendor\jolt physics\x64\debug\profiler.obj
c:\dev\icepick-engine\vendor\jolt physics\x64\debug\memory.obj
c:\dev\icepick-engine\vendor\jolt physics\x64\debug\linearcurve.obj
c:\dev\icepick-engine\vendor\jolt physics\x64\debug\jobsystemwithbarrier.obj
c:\dev\icepick-engine\vendor\jolt physics\x64\debug\collisiondispatch.obj
c:\dev\icepick-engine\vendor\jolt physics\x64\debug\collidespherevstriangles.obj
c:\dev\icepick-engine\vendor\jolt physics\x64\debug\collideconvexvstriangles.obj
c:\dev\icepick-engine\vendor\jolt physics\x64\debug\castspherevstriangles.obj
c:\dev\icepick-engine\vendor\jolt physics\x64\debug\castconvexvstriangles.obj
c:\dev\icepick-engine\vendor\jolt physics\x64\debug\quadtree.obj
c:\dev\icepick-engine\vendor\jolt physics\x64\debug\broadphasequadtree.obj
c:\dev\icepick-engine\vendor\jolt physics\x64\debug\broadphasebruteforce.obj
c:\dev\icepick-engine\vendor\jolt physics\x64\debug\broadphase.obj
c:\dev\icepick-engine\vendor\jolt physics\x64\debug\charactervirtual.obj
c:\dev\icepick-engine\vendor\jolt physics\x64\debug\characterbase.obj
c:\dev\icepick-engine\vendor\jolt physics\x64\debug\character.obj
c:\dev\icepick-engine\vendor\jolt physics\x64\debug\motionproperties.obj
c:\dev\icepick-engine\vendor\jolt physics\x64\debug\massproperties.obj
c:\dev\icepick-engine\vendor\jolt physics\x64\debug\bodymanager.obj
c:\dev\icepick-engine\vendor\jolt physics\x64\debug\bodyinterface.obj
c:\dev\icepick-engine\vendor\jolt physics\x64\debug\bodycreationsettings.obj
c:\dev\icepick-engine\vendor\jolt physics\x64\debug\body.obj
c:\dev\icepick-engine\vendor\jolt physics\x64\debug\typedeclarations.obj
c:\dev\icepick-engine\vendor\jolt physics\x64\debug\serializableobject.obj
c:\dev\icepick-engine\vendor\jolt physics\x64\debug\mutablecompoundshape.obj
c:\dev\icepick-engine\vendor\jolt physics\x64\debug\meshshape.obj
c:\dev\icepick-engine\vendor\jolt physics\x64\debug\heightfieldshape.obj
c:\dev\icepick-engine\vendor\jolt physics\x64\debug\emptyshape.obj
c:\dev\icepick-engine\vendor\jolt physics\x64\debug\decoratedshape.obj
c:\dev\icepick-engine\vendor\jolt physics\x64\debug\cylindershape.obj
c:\dev\icepick-engine\vendor\jolt physics\x64\debug\convexshape.obj
c:\dev\icepick-engine\vendor\jolt physics\x64\debug\convexhullshape.obj
c:\dev\icepick-engine\vendor\jolt physics\x64\debug\compoundshape.obj
c:\dev\icepick-engine\vendor\jolt physics\x64\debug\capsuleshape.obj
c:\dev\icepick-engine\vendor\jolt physics\x64\debug\boxshape.obj
c:\dev\icepick-engine\vendor\jolt physics\x64\debug\physicsmaterialsimple.obj
c:\dev\icepick-engine\vendor\jolt physics\x64\debug\physicsmaterial.obj
c:\dev\icepick-engine\vendor\jolt physics\x64\debug\narrowphasestats.obj
c:\dev\icepick-engine\vendor\jolt physics\x64\debug\narrowphasequery.obj
c:\dev\icepick-engine\vendor\jolt physics\x64\debug\manifoldbetweentwofaces.obj
c:\dev\icepick-engine\vendor\jolt physics\x64\debug\groupfiltertable.obj
c:\dev\icepick-engine\vendor\jolt physics\x64\debug\groupfilter.obj
c:\dev\icepick-engine\vendor\jolt physics\x64\debug\estimatecollisionresponse.obj
c:\dev\icepick-engine\vendor\jolt physics\x64\debug\collisiongroup.obj
c:\dev\icepick-engine\vendor\jolt physics\x64\debug\motorsettings.obj
c:\dev\icepick-engine\vendor\jolt physics\x64\debug\hingeconstraint.obj
c:\dev\icepick-engine\vendor\jolt physics\x64\debug\gearconstraint.obj
c:\dev\icepick-engine\vendor\jolt physics\x64\debug\fixedconstraint.obj
c:\dev\icepick-engine\vendor\jolt physics\x64\debug\distanceconstraint.obj
c:\dev\icepick-engine\vendor\jolt physics\x64\debug\contactconstraintmanager.obj
c:\dev\icepick-engine\vendor\jolt physics\x64\debug\constraintmanager.obj
c:\dev\icepick-engine\vendor\jolt physics\x64\debug\constraint.obj
c:\dev\icepick-engine\vendor\jolt physics\x64\debug\coneconstraint.obj
c:\dev\icepick-engine\vendor\jolt physics\x64\debug\transformedshape.obj
c:\dev\icepick-engine\vendor\jolt physics\x64\debug\triangleshape.obj
c:\dev\icepick-engine\vendor\jolt physics\x64\debug\taperedcylindershape.obj
c:\dev\icepick-engine\vendor\jolt physics\x64\debug\taperedcapsuleshape.obj
c:\dev\icepick-engine\vendor\jolt physics\x64\debug\staticcompoundshape.obj
c:\dev\icepick-engine\vendor\jolt physics\x64\debug\sphereshape.obj
c:\dev\icepick-engine\vendor\jolt physics\x64\debug\shape.obj
c:\dev\icepick-engine\vendor\jolt physics\x64\debug\scaledshape.obj
c:\dev\icepick-engine\vendor\jolt physics\x64\debug\rotatedtranslatedshape.obj
c:\dev\icepick-engine\vendor\jolt physics\x64\debug\planeshape.obj
c:\dev\icepick-engine\vendor\jolt physics\x64\debug\offsetcenterofmassshape.obj
c:\dev\icepick-engine\vendor\jolt physics\x64\debug\physicsupdatecontext.obj
c:\dev\icepick-engine\vendor\jolt physics\x64\debug\physicssystem.obj
c:\dev\icepick-engine\vendor\jolt physics\x64\debug\physicsscene.obj
c:\dev\icepick-engine\vendor\jolt physics\x64\debug\largeislandsplitter.obj
c:\dev\icepick-engine\vendor\jolt physics\x64\debug\islandbuilder.obj
c:\dev\icepick-engine\vendor\jolt physics\x64\debug\hairshaders.obj
c:\dev\icepick-engine\vendor\jolt physics\x64\debug\hairsettings.obj
c:\dev\icepick-engine\vendor\jolt physics\x64\debug\hair.obj
c:\dev\icepick-engine\vendor\jolt physics\x64\debug\determinismlog.obj
c:\dev\icepick-engine\vendor\jolt physics\x64\debug\twobodyconstraint.obj
c:\dev\icepick-engine\vendor\jolt physics\x64\debug\swingtwistconstraint.obj
c:\dev\icepick-engine\vendor\jolt physics\x64\debug\springsettings.obj
c:\dev\icepick-engine\vendor\jolt physics\x64\debug\sliderconstraint.obj
c:\dev\icepick-engine\vendor\jolt physics\x64\debug\sixdofconstraint.obj
c:\dev\icepick-engine\vendor\jolt physics\x64\debug\rackandpinionconstraint.obj
c:\dev\icepick-engine\vendor\jolt physics\x64\debug\pulleyconstraint.obj
c:\dev\icepick-engine\vendor\jolt physics\x64\debug\pointconstraint.obj
c:\dev\icepick-engine\vendor\jolt physics\x64\debug\pathconstraintpathhermite.obj
c:\dev\icepick-engine\vendor\jolt physics\x64\debug\pathconstraintpath.obj
c:\dev\icepick-engine\vendor\jolt physics\x64\debug\pathconstraint.obj
c:\dev\icepick-engine\vendor\jolt physics\x64\debug\debugrenderer.obj
c:\dev\icepick-engine\vendor\jolt physics\x64\debug\registertypes.obj
c:\dev\icepick-engine\vendor\jolt physics\x64\debug\wheeledvehiclecontroller.obj
c:\dev\icepick-engine\vendor\jolt physics\x64\debug\wheel.obj
c:\dev\icepick-engine\vendor\jolt physics\x64\debug\vehicletransmission.obj
c:\dev\icepick-engine\vendor\jolt physics\x64\debug\vehicletrack.obj
c:\dev\icepick-engine\vendor\jolt physics\x64\debug\vehicleengine.obj
c:\dev\icepick-engine\vendor\jolt physics\x64\debug\vehicledifferential.obj
c:\dev\icepick-engine\vendor\jolt physics\x64\debug\vehiclecontroller.obj
c:\dev\icepick-engine\vendor\jolt physics\x64\debug\vehicleconstraint.obj
c:\dev\icepick-engine\vendor\jolt physics\x64\debug\vehiclecollisiontester.obj
c:\dev\icepick-engine\vendor\jolt physics\x64\debug\vehicleantirollbar.obj
c:\dev\icepick-engine\vendor\jolt physics\x64\debug\trackedvehiclecontroller.obj
c:\dev\icepick-engine\vendor\jolt physics\x64\debug\motorcyclecontroller.obj
c:\dev\icepick-engine\vendor\jolt physics\x64\debug\staterecorderimpl.obj
c:\dev\icepick-engine\vendor\jolt physics\x64\debug\softbodysharedsettings.obj
c:\dev\icepick-engine\vendor\jolt physics\x64\debug\softbodyshape.obj
c:\dev\icepick-engine\vendor\jolt physics\x64\debug\softbodymotionproperties.obj
c:\dev\icepick-engine\vendor\jolt physics\x64\debug\softbodycreationsettings.obj
c:\dev\icepick-engine\vendor\jolt physics\x64\debug\ragdoll.obj
c:\dev\icepick-engine\vendor\jolt physics\x64\debug\trianglesplittermean.obj
c:\dev\icepick-engine\vendor\jolt physics\x64\debug\trianglesplitterbinning.obj
c:\dev\icepick-engine\vendor\jolt physics\x64\debug\trianglesplitter.obj
c:\dev\icepick-engine\vendor\jolt physics\x64\debug\skeletonpose.obj
c:\dev\icepick-engine\vendor\jolt physics\x64\debug\skeletonmapper.obj
c:\dev\icepick-engine\vendor\jolt physics\x64\debug\skeleton.obj
c:\dev\icepick-engine\vendor\jolt physics\x64\debug\skeletalanimation.obj
c:\dev\icepick-engine\vendor\jolt physics\x64\debug\testcomputewrapper.obj
c:\dev\icepick-engine\vendor\jolt physics\x64\debug\hairwrapper.obj
c:\dev\icepick-engine\vendor\jolt physics\x64\debug\debugrenderersimple.obj
c:\dev\icepick-engine\vendor\jolt physics\x64\debug\debugrendererrecorder.obj
c:\dev\icepick-engine\vendor\jolt physics\x64\debug\debugrendererplayback.obj
c:\dev\icepick-engine\x64\debug\jolt physics.lib
c:\dev\icepick-engine\vendor\jolt physics\x64\debug\jolt physics.tlog\cl.command.1.tlog
c:\dev\icepick-engine\vendor\jolt physics\x64\debug\jolt physics.tlog\cl.items.tlog
c:\dev\icepick-engine\vendor\jolt physics\x64\debug\jolt physics.tlog\cl.read.1.tlog
c:\dev\icepick-engine\vendor\jolt physics\x64\debug\jolt physics.tlog\cl.write.1.tlog
c:\dev\icepick-engine\vendor\jolt physics\x64\debug\jolt physics.tlog\lib-link.read.1.tlog
c:\dev\icepick-engine\vendor\jolt physics\x64\debug\jolt physics.tlog\lib-link.write.1.tlog
c:\dev\icepick-engine\vendor\jolt physics\x64\debug\jolt physics.tlog\lib.command.1.tlog
